feature myname="raphael-chess8" ping=1 usermove=1 draw=0 variants="normal" sigint=0 sigterm=0 setboard=1 playother=1 analyze=0 colors=0 done=1
10 -120 0 54601637 e7e5 d1h5 b8c6 f1c4 d8e7 b1c3 c6d4 h5d1 e7g5 g2g4
move e7e5
